#
# There is insufficient memory for the Java Runtime Environment to continue.
# Native memory allocation (malloc) failed to allocate 470496 bytes for Chunk::new
# Possible reasons:
#   The system is out of physical RAM or swap space
#   The process is running with CompressedOops enabled, and the Java Heap may be blocking the growth of the native heap
# Possible solutions:
#   Reduce memory load on the system
#   Increase physical memory or swap space
#   Check if swap backing store is full
#   Decrease Java heap size (-Xmx/-Xms)
#   Decrease number of Java threads
#   Decrease Java thread stack sizes (-Xss)
#   Set larger code cache with -XX:ReservedCodeCacheSize=
#   JVM is running with Zero Based Compressed Oops mode in which the Java heap is
#     placed in the first 32GB address space. The Java Heap base address is the
#     maximum limit for the native heap growth. Please use -XX:HeapBaseMinAddress
#     to set the Java Heap base and to place the Java Heap above 32GB virtual address.
# This output file may be truncated or incomplete.
#
#  Out of Memory Error (arena.cpp:189), pid=19468, tid=13092
#
# JRE version: Java(TM) SE Runtime Environment (17.0.11+7) (build 17.0.11+7-LTS-207)
# Java VM: Java HotSpot(TM) 64-Bit Server VM (17.0.11+7-LTS-207, mixed mode, sharing, tiered, compressed oops, compressed class ptrs, g1 gc, windows-amd64)
# No core dump will be written. Minidumps are not enabled by default on client versions of Windows
#

---------------  S U M M A R Y ------------

Command Line: -javaagent:C:\Program Files\JetBrains\IntelliJ IDEA Community Edition 2024.1.4\lib\idea_rt.jar=65465:C:\Program Files\JetBrains\IntelliJ IDEA Community Edition 2024.1.4\bin -Dfile.encoding=UTF-8 com.bala.spring.StartSpringApplication

Host: Intel(R) Core(TM) i5-10400F CPU @ 2.90GHz, 12 cores, 15G,  Windows 11 , 64 bit Build 26100 (10.0.26100.7705)
Time: Tue Feb 17 14:53:05 2026 India Standard Time elapsed time: 3542.161241 seconds (0d 0h 59m 2s)

---------------  T H R E A D  ---------------

Current thread (0x000001d0fd1f9f80):  JavaThread "C2 CompilerThread0" daemon [_thread_in_native, id=13092, stack(0x000000ca4ad00000,0x000000ca4ae00000)]


Current CompileTask:
C2:3542161 6677       4       java.util.TreeMap::put (221 bytes)

Stack: [0x000000ca4ad00000,0x000000ca4ae00000]
Native frames: (J=compiled Java code, j=interpreted, Vv=VM code, C=native code)
V  [jvm.dll+0x679cca]
V  [jvm.dll+0x7da13d]
V  [jvm.dll+0x7dba83]
V  [jvm.dll+0x7dc0f3]
V  [jvm.dll+0x2449af]
V  [jvm.dll+0xab83b]
V  [jvm.dll+0xabe1c]
V  [jvm.dll+0x2a9e6f]
V  [jvm.dll+0x5818d9]
V  [jvm.dll+0x21ed62]
V  [jvm.dll+0x21f13f]
V  [jvm.dll+0x218331]
V  [jvm.dll+0x215505]
V  [jvm.dll+0x1a2040]
V  [jvm.dll+0x225a2b]
V  [jvm.dll+0x223bcb]
V  [jvm.dll+0x7903ec]
V  [jvm.dll+0x78a85a]
V  [jvm.dll+0x678bb5]
C  [ucrtbase.dll+0x37b0]
C  [KERNEL32.DLL+0x2e8d7]
C  [ntdll.dll+0x8c40c]


---------------  P R O C E S S  ---------------

Threads class SMR info:
_java_thread_list=0x000001d0d2e508a0, length=29, elements={
0x000001d0fd1e1180, 0x000001d0fd1e1d40, 0x000001d0fd1f6490, 0x000001d0fd1f6e50,
0x000001d0fd1f8820, 0x000001d0fd1f91e0, 0x000001d0fd1f9f80, 0x000001d0fd1faa30,
0x000001d0fd20d450, 0x000001d0c9172970, 0x000001d0c93fe5a0, 0x000001d0cfddd9b0,
0x000001d0cfddca80, 0x000001d0cfddcf90, 0x000001d0cfddd4a0, 0x000001d0cfdde8e0,
0x000001d0d0d3e760, 0x000001d0d0d3f690, 0x000001d0d0d3d830, 0x000001d0d0d3ec70,
0x000001d0d0d3fba0, 0x000001d0d0d400b0, 0x000001d0d0d3d320, 0x000001d0d0d3ce10,
0x000001d0d0d3f180, 0x000001d0d0d3dd40, 0x000001d0d0d3c900, 0x000001d0d0d40fe0,
0x000001d0d0d405c0
}

Java Threads: ( => current thread )
  0x000001d0fd1e1180 JavaThread "Reference Handler" daemon [_thread_blocked, id=18660, stack(0x000000ca4a700000,0x000000ca4a800000)]
  0x000001d0fd1e1d40 JavaThread "Finalizer" daemon [_thread_blocked, id=8544, stack(0x000000ca4a800000,0x000000ca4a900000)]
  0x000001d0fd1f6490 JavaThread "Signal Dispatcher" daemon [_thread_blocked, id=18292, stack(0x000000ca4a900000,0x000000ca4aa00000)]
  0x000001d0fd1f6e50 JavaThread "Attach Listener" daemon [_thread_blocked, id=25768, stack(0x000000ca4aa00000,0x000000ca4ab00000)]
  0x000001d0fd1f8820 JavaThread "Service Thread" daemon [_thread_blocked, id=22588, stack(0x000000ca4ab00000,0x000000ca4ac00000)]
  0x000001d0fd1f91e0 JavaThread "Monitor Deflation Thread" daemon [_thread_blocked, id=15536, stack(0x000000ca4ac00000,0x000000ca4ad00000)]
=>0x000001d0fd1f9f80 JavaThread "C2 CompilerThread0" daemon [_thread_in_native, id=13092, stack(0x000000ca4ad00000,0x000000ca4ae00000)]
  0x000001d0fd1faa30 JavaThread "C1 CompilerThread0" daemon [_thread_blocked, id=14628, stack(0x000000ca4ae00000,0x000000ca4af00000)]
  0x000001d0fd20d450 JavaThread "Sweeper thread" daemon [_thread_blocked, id=20248, stack(0x000000ca4af00000,0x000000ca4b000000)]
  0x000001d0c9172970 JavaThread "Common-Cleaner" daemon [_thread_blocked, id=16320, stack(0x000000ca4b000000,0x000000ca4b100000)]
  0x000001d0c93fe5a0 JavaThread "Notification Thread" daemon [_thread_blocked, id=624, stack(0x000000ca4b300000,0x000000ca4b400000)]
  0x000001d0cfddd9b0 JavaThread "Catalina-utility-1" [_thread_blocked, id=6296, stack(0x000000ca4bb00000,0x000000ca4bc00000)]
  0x000001d0cfddca80 JavaThread "Catalina-utility-2" [_thread_blocked, id=21160, stack(0x000000ca4c200000,0x000000ca4c300000)]
  0x000001d0cfddcf90 JavaThread "container-0" [_thread_blocked, id=17068, stack(0x000000ca4c300000,0x000000ca4c400000)]
  0x000001d0cfddd4a0 JavaThread "mysql-cj-abandoned-connection-cleanup" daemon [_thread_blocked, id=23852, stack(0x000000ca4c400000,0x000000ca4c500000)]
  0x000001d0cfdde8e0 JavaThread "HikariPool-1 housekeeper" daemon [_thread_blocked, id=6104, stack(0x000000ca4c600000,0x000000ca4c700000)]
  0x000001d0d0d3e760 JavaThread "http-nio-8081-exec-1" daemon [_thread_blocked, id=7232, stack(0x000000ca4c800000,0x000000ca4c900000)]
  0x000001d0d0d3f690 JavaThread "http-nio-8081-exec-2" daemon [_thread_blocked, id=21404, stack(0x000000ca4c900000,0x000000ca4ca00000)]
  0x000001d0d0d3d830 JavaThread "http-nio-8081-exec-3" daemon [_thread_blocked, id=24204, stack(0x000000ca4ca00000,0x000000ca4cb00000)]
  0x000001d0d0d3ec70 JavaThread "http-nio-8081-exec-4" daemon [_thread_blocked, id=3540, stack(0x000000ca4cb00000,0x000000ca4cc00000)]
  0x000001d0d0d3fba0 JavaThread "http-nio-8081-exec-5" daemon [_thread_blocked, id=8524, stack(0x000000ca4cc00000,0x000000ca4cd00000)]
  0x000001d0d0d400b0 JavaThread "http-nio-8081-exec-6" daemon [_thread_blocked, id=5276, stack(0x000000ca4cd00000,0x000000ca4ce00000)]
  0x000001d0d0d3d320 JavaThread "http-nio-8081-exec-7" daemon [_thread_blocked, id=23408, stack(0x000000ca4ce00000,0x000000ca4cf00000)]
  0x000001d0d0d3ce10 JavaThread "http-nio-8081-exec-8" daemon [_thread_blocked, id=12796, stack(0x000000ca4cf00000,0x000000ca4d000000)]
  0x000001d0d0d3f180 JavaThread "http-nio-8081-exec-9" daemon [_thread_blocked, id=18944, stack(0x000000ca4d000000,0x000000ca4d100000)]
  0x000001d0d0d3dd40 JavaThread "http-nio-8081-exec-10" daemon [_thread_blocked, id=26276, stack(0x000000ca4d100000,0x000000ca4d200000)]
  0x000001d0d0d3c900 JavaThread "http-nio-8081-Poller" daemon [_thread_in_native, id=11168, stack(0x000000ca4d200000,0x000000ca4d300000)]
  0x000001d0d0d40fe0 JavaThread "http-nio-8081-Acceptor" daemon [_thread_in_native, id=24140, stack(0x000000ca4d300000,0x000000ca4d400000)]
  0x000001d0d0d405c0 JavaThread "DestroyJavaVM" [_thread_blocked, id=23508, stack(0x000000ca4a000000,0x000000ca4a100000)]

Other Threads:
  0x000001d0fd1db6c0 VMThread "VM Thread" [stack: 0x000000ca4a600000,0x000000ca4a700000] [id=24232]
  0x000001d0c9519500 WatcherThread [stack: 0x000000ca4b400000,0x000000ca4b500000] [id=23796]
  0x000001d0e4ab80d0 GCTaskThread "GC Thread#0" [stack: 0x000000ca4a100000,0x000000ca4a200000] [id=26564]
  0x000001d0ce4af9a0 GCTaskThread "GC Thread#1" [stack: 0x000000ca4b600000,0x000000ca4b700000] [id=18160]
  0x000001d0ce4afc60 GCTaskThread "GC Thread#2" [stack: 0x000000ca4b700000,0x000000ca4b800000] [id=16700]
  0x000001d0ce4acb20 GCTaskThread "GC Thread#3" [stack: 0x000000ca4b800000,0x000000ca4b900000] [id=19444]
  0x000001d0ce4acde0 GCTaskThread "GC Thread#4" [stack: 0x000000ca4b900000,0x000000ca4ba00000] [id=17936]
  0x000001d0ce3cf6a0 GCTaskThread "GC Thread#5" [stack: 0x000000ca4ba00000,0x000000ca4bb00000] [id=21880]
  0x000001d0cea6c470 GCTaskThread "GC Thread#6" [stack: 0x000000ca4bc00000,0x000000ca4bd00000] [id=7468]
  0x000001d0ce9073b0 GCTaskThread "GC Thread#7" [stack: 0x000000ca4bd00000,0x000000ca4be00000] [id=24456]
  0x000001d0ce9092f0 GCTaskThread "GC Thread#8" [stack: 0x000000ca4be00000,0x000000ca4bf00000] [id=22024]
  0x000001d0cea81ba0 GCTaskThread "GC Thread#9" [stack: 0x000000ca4bf00000,0x000000ca4c000000] [id=3780]
  0x000001d0e4b07010 ConcurrentGCThread "G1 Main Marker" [stack: 0x000000ca4a200000,0x000000ca4a300000] [id=7224]
  0x000001d0e4b081c0 ConcurrentGCThread "G1 Conc#0" [stack: 0x000000ca4a300000,0x000000ca4a400000] [id=25892]
  0x000001d0cee97860 ConcurrentGCThread "G1 Conc#1" [stack: 0x000000ca4c000000,0x000000ca4c100000] [id=23248]
  0x000001d0cf788590 ConcurrentGCThread "G1 Conc#2" [stack: 0x000000ca4c100000,0x000000ca4c200000] [id=13000]
  0x000001d0fd111df0 ConcurrentGCThread "G1 Refine#0" [stack: 0x000000ca4a400000,0x000000ca4a500000] [id=6688]
  0x000001d0fd1136d0 ConcurrentGCThread "G1 Service" [stack: 0x000000ca4a500000,0x000000ca4a600000] [id=22800]

Threads with active compile tasks:
C2 CompilerThread0  3542195 6677       4       java.util.TreeMap::put (221 bytes)

VM state: not at safepoint (normal execution)

VM Mutex/Monitor currently owned by a thread: None

Heap address: 0x0000000702000000, size: 4064 MB, Compressed Oops mode: Zero based, Oop shift amount: 3

CDS archive(s) mapped at: [0x000001d088000000-0x000001d088bd0000-0x000001d088bd0000), size 12386304, SharedBaseAddress: 0x000001d088000000, ArchiveRelocationMode: 1.
Compressed class space mapped at: 0x000001d089000000-0x000001d0c9000000, reserved size: 1073741824
Narrow klass base: 0x000001d088000000, Narrow klass shift: 0, Narrow klass range: 0x100000000

GC Precious Log:
 CPUs: 12 total, 12 available
 Memory: 16253M
 Large Page Support: Disabled
 NUMA Support: Disabled
 Compressed Oops: Enabled (Zero based)
 Heap Region Size: 2M
 Heap Min Capacity: 8M
 Heap Initial Capacity: 254M
 Heap Max Capacity: 4064M
 Pre-touch: Disabled
 Parallel Workers: 10
 Concurrent Workers: 3
 Concurrent Refinement Workers: 10
 Periodic GC: Disabled

Heap:
 garbage-first heap   total 75776K, used 46388K [0x0000000702000000, 0x0000000800000000)
  region size 2048K, 12 young (24576K), 3 survivors (6144K)
 Metaspace       used 76974K, committed 77568K, reserved 1179648K
  class space    used 10671K, committed 10944K, reserved 1048576K

Heap Regions: E=young(eden), S=young(survivor), O=old, HS=humongous(starts), HC=humongous(continues), CS=collection set, F=free, OA=open archive, CA=closed archive, TAMS=top-at-mark-start (previous, next)
|   0|0x0000000702000000, 0x0000000702200000, 0x0000000702200000|100%| O|  |TAMS 0x0000000702200000, 0x0000000702000000| Untracked 
|   1|0x0000000702200000, 0x0000000702400000, 0x0000000702400000|100%| O|  |TAMS 0x0000000702400000, 0x0000000702200000| Untracked 
|   2|0x0000000702400000, 0x0000000702600000, 0x0000000702600000|100%| O|  |TAMS 0x0000000702600000, 0x0000000702400000| Untracked 
|   3|0x0000000702600000, 0x00000007027a4600, 0x0000000702800000| 82%| O|  |TAMS 0x00000007027a4600, 0x0000000702600000| Untracked 
|   4|0x0000000702800000, 0x0000000702a00000, 0x0000000702a00000|100%| O|  |TAMS 0x0000000702a00000, 0x0000000702800000| Untracked 
|   5|0x0000000702a00000, 0x0000000702c00000, 0x0000000702c00000|100%| O|  |TAMS 0x0000000702c00000, 0x0000000702a00000| Untracked 
|   6|0x0000000702c00000, 0x0000000702e00000, 0x0000000702e00000|100%| O|  |TAMS 0x0000000702e00000, 0x0000000702c00000| Untracked 
|   7|0x0000000702e00000, 0x0000000703000000, 0x0000000703000000|100%| O|  |TAMS 0x0000000703000000, 0x0000000702e00000| Untracked 
|   8|0x0000000703000000, 0x0000000703200000, 0x0000000703200000|100%| O|  |TAMS 0x0000000703200000, 0x0000000703000000| Untracked 
|   9|0x0000000703200000, 0x0000000703400000, 0x0000000703400000|100%| O|  |TAMS 0x0000000703400000, 0x0000000703200000| Untracked 
|  10|0x0000000703400000, 0x0000000703600000, 0x0000000703600000|100%| O|  |TAMS 0x00000007035cfe00, 0x0000000703400000| Untracked 
|  11|0x0000000703600000, 0x0000000703800000, 0x0000000703800000|100%| O|  |TAMS 0x0000000703600000, 0x0000000703600000| Untracked 
|  12|0x0000000703800000, 0x0000000703a00000, 0x0000000703a00000|100%| O|  |TAMS 0x0000000703800000, 0x0000000703800000| Untracked 
|  13|0x0000000703a00000, 0x0000000703a6da00, 0x0000000703c00000| 21%| O|  |TAMS 0x0000000703a00000, 0x0000000703a00000| Untracked 
|  14|0x0000000703c00000, 0x0000000703c00000, 0x0000000703e00000|  0%| F|  |TAMS 0x0000000703c00000, 0x0000000703c00000| Untracked 
|  15|0x0000000703e00000, 0x0000000703e00000, 0x0000000704000000|  0%| F|  |TAMS 0x0000000703e00000, 0x0000000703e00000| Untracked 
|  16|0x0000000704000000, 0x0000000704000000, 0x0000000704200000|  0%| F|  |TAMS 0x0000000704000000, 0x0000000704000000| Untracked 
|  17|0x0000000704200000, 0x000000070433b368, 0x0000000704400000| 61%| S|CS|TAMS 0x0000000704200000, 0x0000000704200000| Complete 
|  18|0x0000000704400000, 0x0000000704600000, 0x0000000704600000|100%| S|CS|TAMS 0x0000000704400000, 0x0000000704400000| Complete 
|  19|0x0000000704600000, 0x0000000704600000, 0x0000000704800000|  0%| F|  |TAMS 0x0000000704600000, 0x0000000704600000| Untracked 
|  20|0x0000000704800000, 0x0000000704800000, 0x0000000704a00000|  0%| F|  |TAMS 0x0000000704800000, 0x0000000704800000| Untracked 
|  21|0x0000000704a00000, 0x0000000704a00000, 0x0000000704c00000|  0%| F|  |TAMS 0x0000000704a00000, 0x0000000704a00000| Untracked 
|  22|0x0000000704c00000, 0x0000000704e00000, 0x0000000704e00000|100%| S|CS|TAMS 0x0000000704c00000, 0x0000000704c00000| Complete 
|  23|0x0000000704e00000, 0x0000000704e00000, 0x0000000705000000|  0%| F|  |TAMS 0x0000000704e00000, 0x0000000704e00000| Untracked 
|  24|0x0000000705000000, 0x0000000705000000, 0x0000000705200000|  0%| F|  |TAMS 0x0000000705000000, 0x0000000705000000| Untracked 
|  25|0x0000000705200000, 0x0000000705200000, 0x0000000705400000|  0%| F|  |TAMS 0x0000000705200000, 0x0000000705200000| Untracked 
|  26|0x0000000705400000, 0x0000000705400000, 0x0000000705600000|  0%| F|  |TAMS 0x0000000705400000, 0x0000000705400000| Untracked 
|  27|0x0000000705600000, 0x0000000705600000, 0x0000000705800000|  0%| F|  |TAMS 0x0000000705600000, 0x0000000705600000| Untracked 
|  28|0x0000000705800000, 0x00000007058ccfa8, 0x0000000705a00000| 40%| E|  |TAMS 0x0000000705800000, 0x0000000705800000| Complete 
|  29|0x0000000705a00000, 0x0000000705c00000, 0x0000000705c00000|100%| E|CS|TAMS 0x0000000705a00000, 0x0000000705a00000| Complete 
|  30|0x0000000705c00000, 0x0000000705e00000, 0x0000000705e00000|100%| E|CS|TAMS 0x0000000705c00000, 0x0000000705c00000| Complete 
|  31|0x0000000705e00000, 0x0000000706000000, 0x0000000706000000|100%| E|CS|TAMS 0x0000000705e00000, 0x0000000705e00000| Complete 
|  32|0x0000000706000000, 0x0000000706200000, 0x0000000706200000|100%| E|CS|TAMS 0x0000000706000000, 0x0000000706000000| Complete 
|  33|0x0000000706200000, 0x0000000706400000, 0x0000000706400000|100%| E|CS|TAMS 0x0000000706200000, 0x0000000706200000| Complete 
|  69|0x000000070aa00000, 0x000000070ac00000, 0x000000070ac00000|100%| E|CS|TAMS 0x000000070aa00000, 0x000000070aa00000| Complete 
|  70|0x000000070ac00000, 0x000000070ae00000, 0x000000070ae00000|100%| E|CS|TAMS 0x000000070ac00000, 0x000000070ac00000| Complete 
| 126|0x0000000711c00000, 0x0000000711e00000, 0x0000000711e00000|100%| E|  |TAMS 0x0000000711c00000, 0x0000000711c00000| Complete 

Card table byte_map: [0x000001d0fc050000,0x000001d0fc840000] _byte_map_base: 0x000001d0f8840000

Marking Bits (Prev, Next): (CMBitMap*) 0x000001d0e4ab8730, (CMBitMap*) 0x000001d0e4ab86f0
 Prev Bits: [0x000001d083f80000, 0x000001d087f00000)
 Next Bits: [0x000001d080000000, 0x000001d083f80000)

Polling page: 0x000001d0e2960000

Metaspace:

Usage:
  Non-class:     64.75 MB used.
      Class:     10.42 MB used.
       Both:     75.17 MB used.

Virtual space:
  Non-class space:      128.00 MB reserved,      65.06 MB ( 51%) committed,  2 nodes.
      Class space:        1.00 GB reserved,      10.69 MB (  1%) committed,  1 nodes.
             Both:        1.12 GB reserved,      75.75 MB (  7%) committed. 

Chunk freelists:
   Non-Class:  14.53 MB
       Class:  5.22 MB
        Both:  19.75 MB

MaxMetaspaceSize: unlimited
CompressedClassSpaceSize: 1.00 GB
Initial GC threshold: 21.00 MB
Current GC threshold: 98.44 MB
CDS: on
MetaspaceReclaimPolicy: balanced
 - commit_granule_bytes: 65536.
 - commit_granule_words: 8192.
 - virtual_space_node_default_size: 8388608.
 - enlarge_chunks_in_place: 1.
 - new_chunks_are_fully_committed: 0.
 - uncommit_free_chunks: 1.
 - use_allocation_guard: 0.
 - handle_deallocations: 1.


Internal statistics:

num_allocs_failed_limit: 11.
num_arena_births: 746.
num_arena_deaths: 0.
num_vsnodes_births: 3.
num_vsnodes_deaths: 0.
num_space_committed: 1212.
num_space_uncommitted: 0.
num_chunks_returned_to_freelist: 11.
num_chunks_taken_from_freelist: 3396.
num_chunk_merges: 11.
num_chunk_splits: 2516.
num_chunks_enlarged: 2022.
num_inconsistent_stats: 0.

CodeHeap 'non-profiled nmethods': size=120000Kb used=4436Kb max_used=4436Kb free=115563Kb
 bounds [0x000001d0f3dd0000, 0x000001d0f4230000, 0x000001d0fb300000]
CodeHeap 'profiled nmethods': size=120000Kb used=11822Kb max_used=11822Kb free=108178Kb
 bounds [0x000001d0ec300000, 0x000001d0ece90000, 0x000001d0f3830000]
CodeHeap 'non-nmethods': size=5760Kb used=1363Kb max_used=1505Kb free=4397Kb
 bounds [0x000001d0f3830000, 0x000001d0f3aa0000, 0x000001d0f3dd0000]
 total_blobs=6582 nmethods=5884 adapters=610
 compilation: enabled
              stopped_count=0, restarted_count=0
 full_count=0

Compilation events (20 events):
Event: 3527.861 Thread 0x000001d0fd1faa30 6675       3       java.lang.String::getChars (54 bytes)
Event: 3527.862 Thread 0x000001d0fd1faa30 nmethod 6675 0x000001d0ece87510 code [0x000001d0ece87700, 0x000001d0ece87b78]
Event: 3527.862 Thread 0x000001d0fd1faa30 6674       3       com.sun.crypto.provider.GaloisCounterMode$GCMEngine::overlapDetection (289 bytes)
Event: 3527.862 Thread 0x000001d0fd1faa30 nmethod 6674 0x000001d0ece87d90 code [0x000001d0ece88260, 0x000001d0ece8adc8]
Event: 3527.862 Thread 0x000001d0fd1faa30 6676       1       com.mysql.cj.protocol.AbstractSocketConnection::getMysqlSocket (5 bytes)
Event: 3527.863 Thread 0x000001d0fd1faa30 nmethod 6676 0x000001d0f4223f90 code [0x000001d0f4224120, 0x000001d0f42241f8]
Event: 3527.864 Thread 0x000001d0fd1f9f80 nmethod 6668 0x000001d0f4224290 code [0x000001d0f4224440, 0x000001d0f4224aa8]
Event: 3536.020 Thread 0x000001d0fd1f9f80 6677       4       java.util.TreeMap::put (221 bytes)
Event: 3536.736 Thread 0x000001d0fd1faa30 6679       3       com.mysql.cj.util.StringUtils::isNullOrEmpty (17 bytes)
Event: 3537.061 Thread 0x000001d0fd1faa30 nmethod 6679 0x000001d0ece8b890 code [0x000001d0ece8ba40, 0x000001d0ece8bc98]
Event: 3537.061 Thread 0x000001d0fd1faa30 6680 %     3       sun.security.provider.HashDrbg::addBytes @ 33 (130 bytes)
Event: 3537.063 Thread 0x000001d0fd1faa30 nmethod 6680% 0x000001d0ece8bd90 code [0x000001d0ece8bf60, 0x000001d0ece8c458]
Event: 3537.063 Thread 0x000001d0fd1faa30 6687       3       com.sun.crypto.provider.HmacCore::engineInit (152 bytes)
Event: 3538.074 Thread 0x000001d0fd1faa30 nmethod 6687 0x000001d0ece8c690 code [0x000001d0ece8c940, 0x000001d0ece8dc48]
Event: 3538.074 Thread 0x000001d0fd1faa30 6688       3       java.math.BigInteger::montgomerySquare (49 bytes)
Event: 3538.075 Thread 0x000001d0fd1faa30 nmethod 6688 0x000001d0ece8e290 code [0x000001d0ece8e480, 0x000001d0ece8e878]
Event: 3538.076 Thread 0x000001d0fd1faa30 6689       3       java.math.BigInteger::implMontgomerySquare (19 bytes)
Event: 3538.076 Thread 0x000001d0fd1faa30 nmethod 6689 0x000001d0ece8ea10 code [0x000001d0ece8ebc0, 0x000001d0ece8ed38]
Event: 3538.076 Thread 0x000001d0fd1faa30 6690       1       javax.crypto.spec.SecretKeySpec::getFormat (3 bytes)
Event: 3538.077 Thread 0x000001d0fd1faa30 nmethod 6690 0x000001d0f4224e10 code [0x000001d0f4224fa0, 0x000001d0f4225078]

GC Heap History (20 events):
Event: 2.170 GC heap before
{Heap before GC invocations=5 (full 0):
 garbage-first heap   total 55296K, used 15901K [0x0000000702000000, 0x0000000800000000)
  region size 2048K, 3 young (6144K), 2 survivors (4096K)
 Metaspace       used 24989K, committed 25216K, reserved 1114112K
  class space    used 3228K, committed 3328K, reserved 1048576K
}
Event: 2.174 GC heap after
{Heap after GC invocations=6 (full 0):
 garbage-first heap   total 55296K, used 14281K [0x0000000702000000, 0x0000000800000000)
  region size 2048K, 1 young (2048K), 1 survivors (2048K)
 Metaspace       used 24989K, committed 25216K, reserved 1114112K
  class space    used 3228K, committed 3328K, reserved 1048576K
}
Event: 2.682 GC heap before
{Heap before GC invocations=6 (full 0):
 garbage-first heap   total 55296K, used 34761K [0x0000000702000000, 0x0000000800000000)
  region size 2048K, 11 young (22528K), 1 survivors (2048K)
 Metaspace       used 28923K, committed 29248K, reserved 1114112K
  class space    used 3799K, committed 3968K, reserved 1048576K
}
Event: 2.688 GC heap after
{Heap after GC invocations=7 (full 0):
 garbage-first heap   total 55296K, used 16099K [0x0000000702000000, 0x0000000800000000)
  region size 2048K, 2 young (4096K), 2 survivors (4096K)
 Metaspace       used 28923K, committed 29248K, reserved 1114112K
  class space    used 3799K, committed 3968K, reserved 1048576K
}
Event: 3.196 GC heap before
{Heap before GC invocations=7 (full 0):
 garbage-first heap   total 55296K, used 36579K [0x0000000702000000, 0x0000000800000000)
  region size 2048K, 12 young (24576K), 2 survivors (4096K)
 Metaspace       used 33466K, committed 33920K, reserved 1114112K
  class space    used 4402K, committed 4608K, reserved 1048576K
}
Event: 3.203 GC heap after
{Heap after GC invocations=8 (full 0):
 garbage-first heap   total 157696K, used 18390K [0x0000000702000000, 0x0000000800000000)
  region size 2048K, 2 young (4096K), 2 survivors (4096K)
 Metaspace       used 33466K, committed 33920K, reserved 1114112K
  class space    used 4402K, committed 4608K, reserved 1048576K
}
Event: 3.514 GC heap before
{Heap before GC invocations=8 (full 0):
 garbage-first heap   total 157696K, used 28630K [0x0000000702000000, 0x0000000800000000)
  region size 2048K, 8 young (16384K), 2 survivors (4096K)
 Metaspace       used 35554K, committed 35968K, reserved 1114112K
  class space    used 4678K, committed 4864K, reserved 1048576K
}
Event: 3.517 GC heap after
{Heap after GC invocations=9 (full 0):
 garbage-first heap   total 157696K, used 18953K [0x0000000702000000, 0x0000000800000000)
  region size 2048K, 2 young (4096K), 2 survivors (4096K)
 Metaspace       used 35554K, committed 35968K, reserved 1114112K
  class space    used 4678K, committed 4864K, reserved 1048576K
}
Event: 4.578 GC heap before
{Heap before GC invocations=10 (full 0):
 garbage-first heap   total 75776K, used 59913K [0x0000000702000000, 0x0000000800000000)
  region size 2048K, 22 young (45056K), 2 survivors (4096K)
 Metaspace       used 49222K, committed 49664K, reserved 1114112K
  class space    used 6507K, committed 6720K, reserved 1048576K
}
Event: 4.586 GC heap after
{Heap after GC invocations=11 (full 0):
 garbage-first heap   total 75776K, used 22149K [0x0000000702000000, 0x0000000800000000)
  region size 2048K, 3 young (6144K), 3 survivors (6144K)
 Metaspace       used 49222K, committed 49664K, reserved 1114112K
  class space    used 6507K, committed 6720K, reserved 1048576K
}
Event: 5.340 GC heap before
{Heap before GC invocations=11 (full 0):
 garbage-first heap   total 75776K, used 54917K [0x0000000702000000, 0x0000000800000000)
  region size 2048K, 20 young (40960K), 3 survivors (6144K)
 Metaspace       used 58381K, committed 58816K, reserved 1114112K
  class space    used 7965K, committed 8192K, reserved 1048576K
}
Event: 5.345 GC heap after
{Heap after GC invocations=12 (full 0):
 garbage-first heap   total 75776K, used 23938K [0x0000000702000000, 0x0000000800000000)
  region size 2048K, 1 young (2048K), 1 survivors (2048K)
 Metaspace       used 58381K, committed 58816K, reserved 1114112K
  class space    used 7965K, committed 8192K, reserved 1048576K
}
Event: 5.409 GC heap before
{Heap before GC invocations=12 (full 0):
 garbage-first heap   total 75776K, used 28034K [0x0000000702000000, 0x0000000800000000)
  region size 2048K, 4 young (8192K), 1 survivors (2048K)
 Metaspace       used 59783K, committed 60288K, reserved 1114112K
  class space    used 8160K, committed 8384K, reserved 1048576K
}
Event: 5.411 GC heap after
{Heap after GC invocations=13 (full 0):
 garbage-first heap   total 75776K, used 23882K [0x0000000702000000, 0x0000000800000000)
  region size 2048K, 1 young (2048K), 1 survivors (2048K)
 Metaspace       used 59783K, committed 60288K, reserved 1114112K
  class space    used 8160K, committed 8384K, reserved 1048576K
}
Event: 6.013 GC heap before
{Heap before GC invocations=14 (full 0):
 garbage-first heap   total 75776K, used 56650K [0x0000000702000000, 0x0000000800000000)
  region size 2048K, 18 young (36864K), 1 survivors (2048K)
 Metaspace       used 65440K, committed 65920K, reserved 1114112K
  class space    used 9060K, committed 9280K, reserved 1048576K
}
Event: 6.018 GC heap after
{Heap after GC invocations=15 (full 0):
 garbage-first heap   total 75776K, used 26770K [0x0000000702000000, 0x0000000800000000)
  region size 2048K, 3 young (6144K), 3 survivors (6144K)
 Metaspace       used 65440K, committed 65920K, reserved 1114112K
  class space    used 9060K, committed 9280K, reserved 1048576K
}
Event: 6.418 GC heap before
{Heap before GC invocations=15 (full 0):
 garbage-first heap   total 75776K, used 57490K [0x0000000702000000, 0x0000000800000000)
  region size 2048K, 18 young (36864K), 3 survivors (6144K)
 Metaspace       used 69602K, committed 70080K, reserved 1114112K
  class space    used 9739K, committed 9984K, reserved 1048576K
}
Event: 6.425 GC heap after
{Heap after GC invocations=16 (full 0):
 garbage-first heap   total 75776K, used 29234K [0x0000000702000000, 0x0000000800000000)
  region size 2048K, 3 young (6144K), 3 survivors (6144K)
 Metaspace       used 69602K, committed 70080K, reserved 1114112K
  class space    used 9739K, committed 9984K, reserved 1048576K
}
Event: 119.278 GC heap before
{Heap before GC invocations=16 (full 0):
 garbage-first heap   total 75776K, used 57906K [0x0000000702000000, 0x0000000800000000)
  region size 2048K, 17 young (34816K), 3 survivors (6144K)
 Metaspace       used 74672K, committed 75136K, reserved 1114112K
  class space    used 10393K, committed 10624K, reserved 1048576K
}
Event: 119.286 GC heap after
{Heap after GC invocations=17 (full 0):
 garbage-first heap   total 75776K, used 32052K [0x0000000702000000, 0x0000000800000000)
  region size 2048K, 3 young (6144K), 3 survivors (6144K)
 Metaspace       used 74672K, committed 75136K, reserved 1114112K
  class space    used 10393K, committed 10624K, reserved 1048576K
}

Deoptimization events (20 events):
Event: 3505.998 Thread 0x000001d0cfddd9b0 DEOPT PACKING pc=0x000001d0f422315c sp=0x000000ca4bbff050
Event: 3505.998 Thread 0x000001d0cfddd9b0 DEOPT UNPACKING pc=0x000001d0f38823a3 sp=0x000000ca4bbfefe8 mode 2
Event: 3527.851 Thread 0x000001d0d0d3e250 DEOPT PACKING pc=0x000001d0ecc77cb7 sp=0x000000ca49efdcb0
Event: 3527.851 Thread 0x000001d0d0d3e250 DEOPT UNPACKING pc=0x000001d0f3882b43 sp=0x000000ca49efd1d8 mode 0
Event: 3536.741 Thread 0x000001d0d0d43860 Uncommon trap: trap_request=0xffffffbe fr.pc=0x000001d0f42249a8 relative=0x0000000000000568
Event: 3537.060 Thread 0x000001d0d0d43860 Uncommon trap: reason=profile_predicate action=maybe_recompile pc=0x000001d0f42249a8 method=com.sun.crypto.provider.HmacCore.engineInit(Ljava/security/Key;Ljava/security/spec/AlgorithmParameterSpec;)V @ 88 c2
Event: 3537.060 Thread 0x000001d0d0d43860 DEOPT PACKING pc=0x000001d0f42249a8 sp=0x000000ca49efdcb0
Event: 3537.060 Thread 0x000001d0d0d43860 DEOPT UNPACKING pc=0x000001d0f38823a3 sp=0x000000ca49efdc48 mode 2
Event: 3537.061 Thread 0x000001d0d0d43860 Uncommon trap: trap_request=0xffffffbe fr.pc=0x000001d0f42249a8 relative=0x0000000000000568
Event: 3537.061 Thread 0x000001d0d0d43860 Uncommon trap: reason=profile_predicate action=maybe_recompile pc=0x000001d0f42249a8 method=com.sun.crypto.provider.HmacCore.engineInit(Ljava/security/Key;Ljava/security/spec/AlgorithmParameterSpec;)V @ 88 c2
Event: 3537.061 Thread 0x000001d0d0d43860 DEOPT PACKING pc=0x000001d0f42249a8 sp=0x000000ca49efdc10
Event: 3537.061 Thread 0x000001d0d0d43860 DEOPT UNPACKING pc=0x000001d0f38823a3 sp=0x000000ca49efdba8 mode 2
Event: 3537.061 Thread 0x000001d0d0d43860 Uncommon trap: trap_request=0xffffffbe fr.pc=0x000001d0f42249a8 relative=0x0000000000000568
Event: 3537.061 Thread 0x000001d0d0d43860 Uncommon trap: reason=profile_predicate action=maybe_recompile pc=0x000001d0f42249a8 method=com.sun.crypto.provider.HmacCore.engineInit(Ljava/security/Key;Ljava/security/spec/AlgorithmParameterSpec;)V @ 88 c2
Event: 3537.061 Thread 0x000001d0d0d43860 DEOPT PACKING pc=0x000001d0f42249a8 sp=0x000000ca49efdd30
Event: 3537.061 Thread 0x000001d0d0d43860 DEOPT UNPACKING pc=0x000001d0f38823a3 sp=0x000000ca49efdcc8 mode 2
Event: 3537.061 Thread 0x000001d0d0d43860 Uncommon trap: trap_request=0xffffffbe fr.pc=0x000001d0f42249a8 relative=0x0000000000000568
Event: 3537.061 Thread 0x000001d0d0d43860 Uncommon trap: reason=profile_predicate action=maybe_recompile pc=0x000001d0f42249a8 method=com.sun.crypto.provider.HmacCore.engineInit(Ljava/security/Key;Ljava/security/spec/AlgorithmParameterSpec;)V @ 88 c2
Event: 3537.061 Thread 0x000001d0d0d43860 DEOPT PACKING pc=0x000001d0f42249a8 sp=0x000000ca49efdd30
Event: 3537.061 Thread 0x000001d0d0d43860 DEOPT UNPACKING pc=0x000001d0f38823a3 sp=0x000000ca49efdcc8 mode 2

Classes unloaded (0 events):
No events

Classes redefined (0 events):
No events

Internal exceptions (20 events):
Event: 6.845 Thread 0x000001d0e4a4b560 Exception <a 'java/lang/NoSuchMethodError'{0x0000000705892198}: 'java.lang.Object java.lang.invoke.DirectMethodHandle$Holder.newInvokeSpecial(java.lang.Object, java.lang.Object, int, java.lang.Object, int)'> (0x0000000705892198) 
thrown [s\open\src\hotspot\share\interpreter\linkResolver.cpp, line 759]
Event: 6.845 Thread 0x000001d0e4a4b560 Exception <a 'java/lang/NoSuchMethodError'{0x0000000705896298}: 'java.lang.Object java.lang.invoke.DirectMethodHandle$Holder.invokeSpecial(java.lang.Object, java.lang.Object, java.lang.Object, int, java.lang.Object, int)'> (0x0000000705896298) 
thrown [s\open\src\hotspot\share\interpreter\linkResolver.cpp, line 759]
Event: 119.114 Thread 0x000001d0d0d3e760 Exception <a 'java/lang/NoSuchMethodError'{0x00000007055a7d38}: 'java.lang.Object java.lang.invoke.DirectMethodHandle$Holder.invokeSpecial(java.lang.Object, java.lang.Object, java.lang.Object, java.lang.Object, java.lang.Object, long)'> (0x00000007055a7d38) 
thrown [s\open\src\hotspot\share\interpreter\linkResolver.cpp, line 759]
Event: 119.114 Thread 0x000001d0d0d3e760 Exception <a 'java/lang/NoSuchMethodError'{0x00000007055ab778}: 'java.lang.Object java.lang.invoke.Invokers$Holder.linkToTargetMethod(java.lang.Object, java.lang.Object, java.lang.Object, long, java.lang.Object)'> (0x00000007055ab778) 
thrown [s\open\src\hotspot\share\interpreter\linkResolver.cpp, line 759]
Event: 119.347 Thread 0x000001d0d0d3f690 Exception <a 'java/lang/NoSuchMethodError'{0x000000070ad00a20}: 'void java.lang.invoke.DirectMethodHandle$Holder.invokeSpecialIFC(java.lang.Object, java.lang.Object, int, java.lang.Object, java.lang.Object, java.lang.Object, java.lang.Object)'> (0x000000070ad00a20) 
thrown [s\open\src\hotspot\share\interpreter\linkResolver.cpp, line 759]
Event: 620.162 Thread 0x000001d0c93fe0c0 Exception <a 'sun/net/ConnectionResetException'{0x0000000706329bc0}: Connection reset> (0x0000000706329bc0) 
thrown [s\open\src\hotspot\share\prims\jni.cpp, line 535]
Event: 781.740 Thread 0x000001d0d0d3d320 Exception <a 'java/lang/NoSuchMethodError'{0x00000007063c9838}: 'java.lang.Object java.lang.invoke.DirectMethodHandle$Holder.invokeStatic(java.lang.Object, int, int)'> (0x00000007063c9838) 
thrown [s\open\src\hotspot\share\interpreter\linkResolver.cpp, line 759]
Event: 1761.904 Thread 0x000001d0d0d41a00 Exception <a 'java/io/IOException'{0x000000070619b940}> (0x000000070619b940) 
thrown [s\open\src\hotspot\share\prims\jni.cpp, line 516]
Event: 1761.904 Thread 0x000001d0d0d41a00 Exception <a 'java/io/IOException'{0x000000070619c480}> (0x000000070619c480) 
thrown [s\open\src\hotspot\share\prims\jni.cpp, line 516]
Event: 1764.178 Thread 0x000001d0d0d41a00 Exception <a 'java/io/IOException'{0x00000007061a38b0}> (0x00000007061a38b0) 
thrown [s\open\src\hotspot\share\prims\jni.cpp, line 516]
Event: 1764.178 Thread 0x000001d0d0d41a00 Exception <a 'java/io/IOException'{0x00000007061a43f0}> (0x00000007061a43f0) 
thrown [s\open\src\hotspot\share\prims\jni.cpp, line 516]
Event: 1767.457 Thread 0x000001d0d0d41a00 Exception <a 'java/io/IOException'{0x00000007061a7210}> (0x00000007061a7210) 
thrown [s\open\src\hotspot\share\prims\jni.cpp, line 516]
Event: 1770.003 Thread 0x000001d0d0d41a00 Exception <a 'java/io/IOException'{0x0000000705f009a0}> (0x0000000705f009a0) 
thrown [s\open\src\hotspot\share\prims\jni.cpp, line 516]
Event: 1776.282 Thread 0x000001d0d0d41a00 Exception <a 'java/io/IOException'{0x0000000705fd7f60}> (0x0000000705fd7f60) 
thrown [s\open\src\hotspot\share\prims\jni.cpp, line 516]
Event: 1776.282 Thread 0x000001d0d0d41a00 Exception <a 'java/io/IOException'{0x0000000705fd8aa0}> (0x0000000705fd8aa0) 
thrown [s\open\src\hotspot\share\prims\jni.cpp, line 516]
Event: 1785.381 Thread 0x000001d0d0d41a00 Exception <a 'java/io/IOException'{0x0000000705c623a8}> (0x0000000705c623a8) 
thrown [s\open\src\hotspot\share\prims\jni.cpp, line 516]
Event: 1785.381 Thread 0x000001d0d0d41a00 Exception <a 'java/io/IOException'{0x0000000705c62ee8}> (0x0000000705c62ee8) 
thrown [s\open\src\hotspot\share\prims\jni.cpp, line 516]
Event: 1786.281 Thread 0x000001d0d0d41a00 Exception <a 'java/io/IOException'{0x0000000705c65d08}> (0x0000000705c65d08) 
thrown [s\open\src\hotspot\share\prims\jni.cpp, line 516]
Event: 1799.979 Thread 0x000001d0d0d41a00 Exception <a 'java/io/IOException'{0x0000000705de2d70}> (0x0000000705de2d70) 
thrown [s\open\src\hotspot\share\prims\jni.cpp, line 516]
Event: 3537.060 Thread 0x000001d0d0d3e250 Exception <a 'java/io/IOException'{0x00000007058442f8}> (0x00000007058442f8) 
thrown [s\open\src\hotspot\share\prims\jni.cpp, line 516]

VM Operations (20 events):
Event: 1786.935 Executing VM operation: Cleanup
Event: 1786.935 Executing VM operation: Cleanup done
Event: 1791.982 Executing VM operation: Cleanup
Event: 1791.982 Executing VM operation: Cleanup done
Event: 1795.017 Executing VM operation: Cleanup
Event: 1795.017 Executing VM operation: Cleanup done
Event: 1800.056 Executing VM operation: Cleanup
Event: 1800.056 Executing VM operation: Cleanup done
Event: 2002.047 Executing VM operation: Cleanup
Event: 2002.047 Executing VM operation: Cleanup done
Event: 2158.647 Executing VM operation: Cleanup
Event: 2158.647 Executing VM operation: Cleanup done
Event: 2565.829 Executing VM operation: Cleanup
Event: 2565.829 Executing VM operation: Cleanup done
Event: 3506.044 Executing VM operation: Cleanup
Event: 3506.044 Executing VM operation: Cleanup done
Event: 3528.270 Executing VM operation: Cleanup
Event: 3528.271 Executing VM operation: Cleanup done
Event: 3537.355 Executing VM operation: Cleanup
Event: 3537.356 Executing VM operation: Cleanup done

Events (20 events):
Event: 1791.294 Thread 0x000001d0d0d41a00 Thread exited: 0x000001d0d0d41a00
Event: 1791.341 Thread 0x000001d0d0d3e250 Thread exited: 0x000001d0d0d3e250
Event: 1794.022 Thread 0x000001d0d0d41a00 Thread added: 0x000001d0d0d41a00
Event: 1794.022 Thread 0x000001d0d0d3e250 Thread added: 0x000001d0d0d3e250
Event: 1794.030 Thread 0x000001d0cef1d370 Thread added: 0x000001d0cef1d370
Event: 1799.029 Thread 0x000001d0d0d41a00 Thread exited: 0x000001d0d0d41a00
Event: 1799.044 Thread 0x000001d0cef1d370 Thread exited: 0x000001d0cef1d370
Event: 1799.060 Thread 0x000001d0d0d3e250 Thread exited: 0x000001d0d0d3e250
Event: 1799.978 Thread 0x000001d0d0d41a00 Thread added: 0x000001d0d0d41a00
Event: 1799.978 Thread 0x000001d0d0d3e250 Thread added: 0x000001d0d0d3e250
Event: 1804.983 Thread 0x000001d0d0d41a00 Thread exited: 0x000001d0d0d41a00
Event: 1805.015 Thread 0x000001d0d0d3e250 Thread exited: 0x000001d0d0d3e250
Event: 3527.836 Thread 0x000001d0d0d41a00 Thread added: 0x000001d0d0d41a00
Event: 3527.837 Thread 0x000001d0d0d3e250 Thread added: 0x000001d0d0d3e250
Event: 3532.850 Thread 0x000001d0d0d41a00 Thread exited: 0x000001d0d0d41a00
Event: 3532.897 Thread 0x000001d0d0d3e250 Thread exited: 0x000001d0d0d3e250
Event: 3536.734 Thread 0x000001d0d0d3e250 Thread added: 0x000001d0d0d3e250
Event: 3536.734 Thread 0x000001d0d0d43860 Thread added: 0x000001d0d0d43860
Event: 3542.074 Thread 0x000001d0d0d3e250 Thread exited: 0x000001d0d0d3e250
Event: 3542.152 Thread 0x000001d0d0d43860 Thread exited: 0x000001d0d0d43860


Dynamic libraries:
0x00007ff6c8930000 - 0x00007ff6c8940000 	C:\Program Files\Java\jdk-17\bin\java.exe
0x00007ff9326c0000 - 0x00007ff932928000 	C:\WINDOWS\SYSTEM32\ntdll.dll
0x00007ff9307f0000 - 0x00007ff9308b9000 	C:\WINDOWS\System32\KERNEL32.DLL
0x00007ff92f270000 - 0x00007ff92f661000 	C:\WINDOWS\System32\KERNELBASE.dll
0x00007ff930170000 - 0x00007ff9302bb000 	C:\WINDOWS\System32\ucrtbase.dll
0x00007ff91d5c0000 - 0x00007ff91d5d9000 	C:\Program Files\Java\jdk-17\bin\jli.dll
0x00007ff9322f0000 - 0x00007ff9323a4000 	C:\WINDOWS\System32\ADVAPI32.dll
0x00007ff930d70000 - 0x00007ff930e19000 	C:\WINDOWS\System32\msvcrt.dll
0x00007ff931840000 - 0x00007ff9318e6000 	C:\WINDOWS\System32\sechost.dll
0x00007ff91b050000 - 0x00007ff91b06b000 	C:\Program Files\Java\jdk-17\bin\VCRUNTIME140.dll
0x00007ff9323b0000 - 0x00007ff9324c8000 	C:\WINDOWS\System32\RPCRT4.dll
0x00007ff931bb0000 - 0x00007ff931d76000 	C:\WINDOWS\System32\USER32.dll
0x00007ff9302c0000 - 0x00007ff9302e7000 	C:\WINDOWS\System32\win32u.dll
0x00007ff9176c0000 - 0x00007ff917953000 	C:\WINDOWS\WinSxS\amd64_microsoft.windows.common-controls_6595b64144ccf1df_6.0.26100.7824_none_3e0870b2e3345462\COMCTL32.dll
0x00007ff931790000 - 0x00007ff9317bb000 	C:\WINDOWS\System32\GDI32.dll
0x00007ff92f670000 - 0x00007ff92f79b000 	C:\WINDOWS\System32\gdi32full.dll
0x00007ff9300c0000 - 0x00007ff930163000 	C:\WINDOWS\System32\msvcp_win.dll
0x00007ff928a60000 - 0x00007ff928a6b000 	C:\WINDOWS\SYSTEM32\VERSION.dll
0x00007ff931af0000 - 0x00007ff931b21000 	C:\WINDOWS\System32\IMM32.DLL
0x00007ff92ad60000 - 0x00007ff92ad6c000 	C:\Program Files\Java\jdk-17\bin\vcruntime140_1.dll
0x00007ff91a000000 - 0x00007ff91a08e000 	C:\Program Files\Java\jdk-17\bin\msvcp140.dll
0x00007ff8e3900000 - 0x00007ff8e44e0000 	C:\Program Files\Java\jdk-17\bin\server\jvm.dll
0x00007ff932670000 - 0x00007ff932678000 	C:\WINDOWS\System32\PSAPI.DLL
0x00007ff924f80000 - 0x00007ff924fb5000 	C:\WINDOWS\SYSTEM32\WINMM.dll
0x00007ff90dd80000 - 0x00007ff90dd8a000 	C:\WINDOWS\SYSTEM32\WSOCK32.dll
0x00007ff9317c0000 - 0x00007ff931834000 	C:\WINDOWS\System32\WS2_32.dll
0x00007ff92dd00000 - 0x00007ff92dd1b000 	C:\WINDOWS\SYSTEM32\kernel.appcore.dll
0x00007ff91b040000 - 0x00007ff91b04a000 	C:\Program Files\Java\jdk-17\bin\jimage.dll
0x00007ff91d6f0000 - 0x00007ff91d932000 	C:\WINDOWS\SYSTEM32\DBGHELP.DLL
0x00007ff930460000 - 0x00007ff9307e6000 	C:\WINDOWS\System32\combase.dll
0x00007ff931d80000 - 0x00007ff931e57000 	C:\WINDOWS\System32\OLEAUT32.dll
0x00007ff9108e0000 - 0x00007ff91091b000 	C:\WINDOWS\SYSTEM32\dbgcore.DLL
0x00007ff930010000 - 0x00007ff9300b5000 	C:\WINDOWS\System32\bcryptPrimitives.dll
0x00007ff91afb0000 - 0x00007ff91afbe000 	C:\Program Files\Java\jdk-17\bin\instrument.dll
0x00007ff91afc0000 - 0x00007ff91afe5000 	C:\Program Files\Java\jdk-17\bin\java.dll
0x00007ff913090000 - 0x00007ff913167000 	C:\Program Files\Java\jdk-17\bin\jsvml.dll
0x00007ff930ea0000 - 0x00007ff9315f2000 	C:\WINDOWS\System32\SHELL32.dll
0x00007ff9302f0000 - 0x00007ff93045a000 	C:\WINDOWS\System32\wintypes.dll
0x00007ff92f7a0000 - 0x00007ff930003000 	C:\WINDOWS\System32\windows.storage.dll
0x00007ff932130000 - 0x00007ff932226000 	C:\WINDOWS\System32\SHCORE.dll
0x00007ff932280000 - 0x00007ff9322e7000 	C:\WINDOWS\System32\shlwapi.dll
0x00007ff92eec0000 - 0x00007ff92eee9000 	C:\WINDOWS\SYSTEM32\profapi.dll
0x00007ff919cb0000 - 0x00007ff919cc8000 	C:\Program Files\Java\jdk-17\bin\zip.dll
0x00007ff919f70000 - 0x00007ff919f89000 	C:\Program Files\Java\jdk-17\bin\net.dll
0x00007ff927d00000 - 0x00007ff927e27000 	C:\WINDOWS\SYSTEM32\WINHTTP.dll
0x00007ff92e250000 - 0x00007ff92e2bb000 	C:\WINDOWS\system32\mswsock.dll
0x00007ff919eb0000 - 0x00007ff919ec6000 	C:\Program Files\Java\jdk-17\bin\nio.dll
0x00007ff919a60000 - 0x00007ff919a7a000 	C:\Program Files\JetBrains\IntelliJ IDEA Community Edition 2024.1.4\bin\breakgen64.dll
0x00007ff92e640000 - 0x00007ff92e65b000 	C:\WINDOWS\SYSTEM32\CRYPTSP.dll
0x00007ff92dc60000 - 0x00007ff92dc99000 	C:\WINDOWS\system32\rsaenh.dll
0x00007ff92e300000 - 0x00007ff92e32b000 	C:\WINDOWS\SYSTEM32\USERENV.dll
0x00007ff92ee90000 - 0x00007ff92eeba000 	C:\WINDOWS\SYSTEM32\bcrypt.dll
0x00007ff92e4a0000 - 0x00007ff92e4ac000 	C:\WINDOWS\SYSTEM32\CRYPTBASE.dll
0x00007ff92d700000 - 0x00007ff92d734000 	C:\WINDOWS\SYSTEM32\IPHLPAPI.DLL
0x00007ff931a60000 - 0x00007ff931a6a000 	C:\WINDOWS\System32\NSI.dll
0x00007ff9281b0000 - 0x00007ff9281ce000 	C:\WINDOWS\SYSTEM32\dhcpcsvc6.DLL
0x00007ff928180000 - 0x00007ff9281a3000 	C:\WINDOWS\SYSTEM32\dhcpcsvc.DLL
0x00007ff92d740000 - 0x00007ff92d86c000 	C:\WINDOWS\SYSTEM32\DNSAPI.dll
0x00007ff919a50000 - 0x00007ff919a5e000 	C:\Program Files\Java\jdk-17\bin\sunmscapi.dll
0x00007ff92f0f0000 - 0x00007ff92f267000 	C:\WINDOWS\System32\CRYPT32.dll
0x00007ff92e7a0000 - 0x00007ff92e7d0000 	C:\WINDOWS\SYSTEM32\ncrypt.dll
0x00007ff92e750000 - 0x00007ff92e78f000 	C:\WINDOWS\SYSTEM32\NTASN1.dll
0x00007ff91a850000 - 0x00007ff91a85a000 	C:\Program Files\Java\jdk-17\bin\management.dll
0x00007ff919ea0000 - 0x00007ff919eab000 	C:\Program Files\Java\jdk-17\bin\management_ext.dll
0x00007ff919a40000 - 0x00007ff919a50000 	C:\Program Files\Java\jdk-17\bin\verify.dll
0x00007ff9281e0000 - 0x00007ff9281eb000 	C:\Windows\System32\rasadhlp.dll
0x00007ff924820000 - 0x00007ff9248a6000 	C:\WINDOWS\System32\fwpuclnt.dll
0x00007ff91be40000 - 0x00007ff91be48000 	C:\WINDOWS\system32\wshunix.dll

dbghelp: loaded successfully - version: 4.0.5 - missing functions: none
symbol engine: initialized successfully - sym options: 0x614 - pdb path: .;C:\Program Files\Java\jdk-17\bin;C:\WINDOWS\SYSTEM32;C:\WINDOWS\WinSxS\amd64_microsoft.windows.common-controls_6595b64144ccf1df_6.0.26100.7824_none_3e0870b2e3345462;C:\Program Files\Java\jdk-17\bin\server;C:\Program Files\JetBrains\IntelliJ IDEA Community Edition 2024.1.4\bin

VM Arguments:
jvm_args: -javaagent:C:\Program Files\JetBrains\IntelliJ IDEA Community Edition 2024.1.4\lib\idea_rt.jar=65465:C:\Program Files\JetBrains\IntelliJ IDEA Community Edition 2024.1.4\bin -Dfile.encoding=UTF-8 
java_command: com.bala.spring.StartSpringApplication
java_class_path (initial): E:\devlab\SpringDemo\SpringDemo\target\classes;C:\Users\Admin\.m2\repository\org\springframework\boot\spring-boot-starter-web\3.1.4\spring-boot-starter-web-3.1.4.jar;C:\Users\Admin\.m2\repository\org\springframework\boot\spring-boot-starter\3.1.4\spring-boot-starter-3.1.4.jar;C:\Users\Admin\.m2\repository\org\springframework\boot\spring-boot\3.1.4\spring-boot-3.1.4.jar;C:\Users\Admin\.m2\repository\org\springframework\boot\spring-boot-autoconfigure\3.1.4\spring-boot-autoconfigure-3.1.4.jar;C:\Users\Admin\.m2\repository\jakarta\annotation\jakarta.annotation-api\2.1.1\jakarta.annotation-api-2.1.1.jar;C:\Users\Admin\.m2\repository\org\yaml\snakeyaml\1.33\snakeyaml-1.33.jar;C:\Users\Admin\.m2\repository\org\springframework\boot\spring-boot-starter-json\3.1.4\spring-boot-starter-json-3.1.4.jar;C:\Users\Admin\.m2\repository\com\fasterxml\jackson\core\jackson-databind\2.15.2\jackson-databind-2.15.2.jar;C:\Users\Admin\.m2\repository\com\fasterxml\jackson\core\jackson-annotations\2.15.2\jackson-annotations-2.15.2.jar;C:\Users\Admin\.m2\repository\com\fasterxml\jackson\core\jackson-core\2.15.2\jackson-core-2.15.2.jar;C:\Users\Admin\.m2\repository\com\fasterxml\jackson\datatype\jackson-datatype-jdk8\2.15.2\jackson-datatype-jdk8-2.15.2.jar;C:\Users\Admin\.m2\repository\com\fasterxml\jackson\datatype\jackson-datatype-jsr310\2.15.2\jackson-datatype-jsr310-2.15.2.jar;C:\Users\Admin\.m2\repository\com\fasterxml\jackson\module\jackson-module-parameter-names\2.15.2\jackson-module-parameter-names-2.15.2.jar;C:\Users\Admin\.m2\repository\org\springframework\boot\spring-boot-starter-tomcat\3.1.4\spring-boot-starter-tomcat-3.1.4.jar;C:\Users\Admin\.m2\repository\org\apache\tomcat\embed\tomcat-embed-core\10.1.13\tomcat-embed-core-10.1.13.jar;C:\Users\Admin\.m2\repository\org\apache\tomcat\embed\tomcat-embed-websocket\10.1.13\tomcat-embed-websocket-10.1.13.jar;C:\Users\Admin\.m2\repository\org\springframework\spring-web\6.0.12\spring-web-6.0.12.jar;C:\Users\Adm
Launcher Type: SUN_STANDARD

[Global flags]
     intx CICompilerCount                          = 4                                         {product} {ergonomic}
     uint ConcGCThreads                            = 3                                         {product} {ergonomic}
     uint G1ConcRefinementThreads                  = 10                                        {product} {ergonomic}
   size_t G1HeapRegionSize                         = 2097152                                   {product} {ergonomic}
    uintx GCDrainStackTargetSize                   = 64                                        {product} {ergonomic}
   size_t InitialHeapSize                          = 266338304                                 {product} {ergonomic}
   size_t MarkStackSize                            = 4194304                                   {product} {ergonomic}
   size_t MaxHeapSize                              = 4261412864                                {product} {ergonomic}
   size_t MaxNewSize                               = 2556428288                                {product} {ergonomic}
   size_t MinHeapDeltaBytes                        = 2097152                                   {product} {ergonomic}
   size_t MinHeapSize                              = 8388608                                   {product} {ergonomic}
    uintx NonNMethodCodeHeapSize                   = 5839372                                {pd product} {ergonomic}
    uintx NonProfiledCodeHeapSize                  = 122909434                              {pd product} {ergonomic}
    uintx ProfiledCodeHeapSize                     = 122909434                              {pd product} {ergonomic}
    uintx ReservedCodeCacheSize                    = 251658240                              {pd product} {ergonomic}
     bool SegmentedCodeCache                       = true                                      {product} {ergonomic}
   size_t SoftMaxHeapSize                          = 4261412864                             {manageable} {ergonomic}
     bool UseCompressedClassPointers               = true                           {product lp64_product} {ergonomic}
     bool UseCompressedOops                        = true                           {product lp64_product} {ergonomic}
     bool UseG1GC                                  = true                                      {product} {ergonomic}
     bool UseLargePagesIndividualAllocation        = false                                  {pd product} {ergonomic}

Logging:
Log output configuration:
 #0: stdout all=warning uptime,level,tags
 #1: stderr all=off uptime,level,tags

Environment Variables:
JAVA_HOME=C:\Program Files\Java\jdk-17
PATH=C:\Program Files\Common Files\Oracle\Java\javapath;C:\WINDOWS\system32;C:\WINDOWS;C:\WINDOWS\System32\Wbem;C:\WINDOWS\System32\WindowsPowerShell\v1.0\;C:\WINDOWS\System32\OpenSSH\;C:\Program Files\Git\cmd;E:\MySoftware\ampp\Ampps\php;C:\Program Files\PowerShell\7\;C:\Program Files\nodejs\;C:\Users\Admin\AppData\Local\Microsoft\WindowsApps;C:\Program Files\JetBrains\IntelliJ IDEA Community Edition 2024.1.4\bin;;C:\Users\Admin\AppData\Local\Programs\Microsoft VS Code\bin;C:\Program Files\nodejs;E:\MySoftware\Maven\apache-maven-3.9.8\bin;C:\Users\Admin\AppData\Roaming\npm
USERNAME=Admin
OS=Windows_NT
PROCESSOR_IDENTIFIER=Intel64 Family 6 Model 165 Stepping 3, GenuineIntel



---------------  S Y S T E M  ---------------

OS:
 Windows 11 , 64 bit Build 26100 (10.0.26100.7705)
OS uptime: 0 days 5:57 hours
Hyper-V role detected

CPU: total 12 (initial active 12) (6 cores per cpu, 2 threads per core) family 6 model 165 stepping 3 microcode 0xea, cx8, cmov, fxsr, ht, mmx, 3dnowpref, sse, sse2, sse3, ssse3, sse4.1, sse4.2, popcnt, lzcnt, tsc, tscinvbit, avx, avx2, aes, erms, clmul, bmi1, bmi2, adx, fma, vzeroupper, clflush, clflushopt, hv

Memory: 4k page, system-wide physical 16253M (2915M free)
TotalPageFile size 20349M (AvailPageFile size 0M)
current process WorkingSet (physical memory assigned to process): 83M, peak: 317M
current process commit charge ("private bytes"): 295M, peak: 410M

vm_info: Java HotSpot(TM) 64-Bit Server VM (17.0.11+7-LTS-207) for windows-amd64 JRE (17.0.11+7-LTS-207), built on Mar 11 2024 19:01:50 by "mach5one" with MS VC++ 17.6 (VS2022)

END.
